// Jest Snapshot v1, https://goo.gl/fbAQLP

exports[`HelloWorld.test.js has the expected html structure 1`] = `
<div>
  <p
    class="demo-box"
  >
    This is VGC hello world demo
  </p>
</div>
`;
